// Jest Snapshot v1, https://goo.gl/fbAQLP

exports[`S3 origins When origin is an S3 URL only accessible via CloudFront creates distribution 1`] = `
Object {
  "DistributionConfig": Object {
    "Aliases": Object {
      "Items": Array [],
      "Quantity": 0,
    },
    "CacheBehaviors": Object {
      "Items": Array [],
      "Quantity": 0,
    },
    "CallerReference": "1566599541192",
    "Comment": "",
    "DefaultCacheBehavior": Object {
      "AllowedMethods": Object {
        "CachedMethods": Object {
          "Items": Array [
            "HEAD",
            "GET",
          ],
          "Quantity": 2,
        },
        "Items": Array [
          "HEAD",
          "GET",
        ],
        "Quantity": 2,
      },
      "Compress": false,
      "DefaultTTL": 86400,
      "FieldLevelEncryptionId": "",
      "ForwardedValues": Object {
        "Cookies": Object {
          "Forward": "none",
        },
        "Headers": Object {
          "Items": Array [],
          "Quantity": 0,
        },
        "QueryString": false,
        "QueryStringCacheKeys": Object {
          "Items": Array [],
          "Quantity": 0,
        },
      },
      "LambdaFunctionAssociations": Object {
        "Items": Array [],
        "Quantity": 0,
      },
      "MaxTTL": 31536000,
      "MinTTL": 0,
      "SmoothStreaming": false,
      "TargetOriginId": "mybucket",
      "TrustedSigners": Object {
        "Enabled": false,
        "Items": Array [],
        "Quantity": 0,
      },
      "ViewerProtocolPolicy": "redirect-to-https",
    },
    "Enabled": true,
    "HttpVersion": "http2",
    "Origins": Object {
      "Items": Array [
        Object {
          "CustomHeaders": Object {
            "Items": Array [],
            "Quantity": 0,
          },
          "DomainName": "mybucket.s3.amazonaws.com",
          "Id": "mybucket",
          "OriginPath": "",
          "S3OriginConfig": Object {
            "OriginAccessIdentity": "origin-access-identity/cloudfront/access-identity-xyz",
          },
        },
      ],
      "Quantity": 1,
    },
    "PriceClass": "PriceClass_All",
  },
}
`;

exports[`S3 origins When origin is an S3 URL only accessible via CloudFront updates distribution 1`] = `
Object {
  "DistributionConfig": Object {
    "Aliases": Object {
      "Items": Array [],
      "Quantity": 0,
    },
    "CacheBehaviors": Object {
      "Items": Array [],
      "Quantity": 0,
    },
    "CallerReference": "1566599541192",
    "Comment": "",
    "DefaultCacheBehavior": Object {
      "AllowedMethods": Object {
        "CachedMethods": Object {
          "Items": Array [
            "HEAD",
            "GET",
          ],
          "Quantity": 2,
        },
        "Items": Array [
          "HEAD",
          "GET",
        ],
        "Quantity": 2,
      },
      "Compress": false,
      "DefaultTTL": 86400,
      "FieldLevelEncryptionId": "",
      "ForwardedValues": Object {
        "Cookies": Object {
          "Forward": "none",
        },
        "Headers": Object {
          "Items": Array [],
          "Quantity": 0,
        },
        "QueryString": false,
        "QueryStringCacheKeys": Object {
          "Items": Array [],
          "Quantity": 0,
        },
      },
      "LambdaFunctionAssociations": Object {
        "Items": Array [],
        "Quantity": 0,
      },
      "MaxTTL": 31536000,
      "MinTTL": 0,
      "SmoothStreaming": false,
      "TargetOriginId": "mybucket",
      "TrustedSigners": Object {
        "Enabled": false,
        "Items": Array [],
        "Quantity": 0,
      },
      "ViewerProtocolPolicy": "redirect-to-https",
    },
    "Enabled": true,
    "HttpVersion": "http2",
    "Origins": Object {
      "Items": Array [
        Object {
          "CustomHeaders": Object {
            "Items": Array [],
            "Quantity": 0,
          },
          "DomainName": "mybucket.s3.amazonaws.com",
          "Id": "mybucket",
          "OriginPath": "",
          "S3OriginConfig": Object {
            "OriginAccessIdentity": "origin-access-identity/cloudfront/access-identity-xyz",
          },
        },
      ],
      "Quantity": 1,
    },
    "PriceClass": "PriceClass_All",
  },
}
`;

exports[`S3 origins When origin is an S3 bucket URL creates distribution 1`] = `
Object {
  "DistributionConfig": Object {
    "Aliases": Object {
      "Items": Array [],
      "Quantity": 0,
    },
    "CacheBehaviors": Object {
      "Items": Array [],
      "Quantity": 0,
    },
    "CallerReference": "1566599541192",
    "Comment": "",
    "DefaultCacheBehavior": Object {
      "AllowedMethods": Object {
        "CachedMethods": Object {
          "Items": Array [
            "HEAD",
            "GET",
          ],
          "Quantity": 2,
        },
        "Items": Array [
          "HEAD",
          "GET",
        ],
        "Quantity": 2,
      },
      "Compress": false,
      "DefaultTTL": 86400,
      "FieldLevelEncryptionId": "",
      "ForwardedValues": Object {
        "Cookies": Object {
          "Forward": "none",
        },
        "Headers": Object {
          "Items": Array [],
          "Quantity": 0,
        },
        "QueryString": false,
        "QueryStringCacheKeys": Object {
          "Items": Array [],
          "Quantity": 0,
        },
      },
      "LambdaFunctionAssociations": Object {
        "Items": Array [],
        "Quantity": 0,
      },
      "MaxTTL": 31536000,
      "MinTTL": 0,
      "SmoothStreaming": false,
      "TargetOriginId": "mybucket",
      "TrustedSigners": Object {
        "Enabled": false,
        "Items": Array [],
        "Quantity": 0,
      },
      "ViewerProtocolPolicy": "redirect-to-https",
    },
    "Enabled": true,
    "HttpVersion": "http2",
    "Origins": Object {
      "Items": Array [
        Object {
          "CustomHeaders": Object {
            "Items": Array [],
            "Quantity": 0,
          },
          "DomainName": "mybucket.s3.amazonaws.com",
          "Id": "mybucket",
          "OriginPath": "",
          "S3OriginConfig": Object {
            "OriginAccessIdentity": "",
          },
        },
      ],
      "Quantity": 1,
    },
    "PriceClass": "PriceClass_All",
  },
}
`;

exports[`S3 origins When origin is an S3 bucket URL updates distribution 1`] = `
Object {
  "DistributionConfig": Object {
    "CacheBehaviors": Object {
      "Items": Array [],
      "Quantity": 0,
    },
    "Comment": "",
    "DefaultCacheBehavior": Object {
      "AllowedMethods": Object {
        "CachedMethods": Object {
          "Items": Array [
            "HEAD",
            "GET",
          ],
          "Quantity": 2,
        },
        "Items": Array [
          "HEAD",
          "GET",
        ],
        "Quantity": 2,
      },
      "Compress": false,
      "DefaultTTL": 86400,
      "FieldLevelEncryptionId": "",
      "ForwardedValues": Object {
        "Cookies": Object {
          "Forward": "none",
        },
        "Headers": Object {
          "Items": Array [],
          "Quantity": 0,
        },
        "QueryString": false,
        "QueryStringCacheKeys": Object {
          "Items": Array [],
          "Quantity": 0,
        },
      },
      "LambdaFunctionAssociations": Object {
        "Items": Array [],
        "Quantity": 0,
      },
      "MaxTTL": 31536000,
      "MinTTL": 0,
      "SmoothStreaming": false,
      "TargetOriginId": "anotherbucket",
      "TrustedSigners": Object {
        "Enabled": false,
        "Items": Array [],
        "Quantity": 0,
      },
      "ViewerProtocolPolicy": "redirect-to-https",
    },
    "Enabled": true,
    "Origins": Object {
      "Items": Array [
        Object {
          "CustomHeaders": Object {
            "Items": Array [],
            "Quantity": 0,
          },
          "DomainName": "anotherbucket.s3.amazonaws.com",
          "Id": "anotherbucket",
          "OriginPath": "",
          "S3OriginConfig": Object {
            "OriginAccessIdentity": "",
          },
        },
      ],
      "Quantity": 1,
    },
  },
  "Id": "distributionwithS3origin",
  "IfMatch": "etag",
}
`;
